\BOOKMARK [1][-]{Doc-Start}{\376\377\000R\000e\000m\000e\000r\000c\000i\000e\000m\000e\000n\000t\000s}{}% 1
\BOOKMARK [1][-]{section.1}{\376\377\000I\000n\000t\000r\000o\000d\000u\000c\000t\000i\000o\000n\000\040\000g\000\351\000n\000\351\000r\000a\000l\000e}{}% 2
\BOOKMARK [2][-]{subsection.1.1}{\376\377\000C\000o\000n\000t\000e\000x\000t\000e}{section.1}% 3
\BOOKMARK [2][-]{subsection.1.2}{\376\377\000P\000r\000\351\000s\000e\000n\000t\000a\000t\000i\000o\000n\000\040\000d\000u\000\040\000p\000r\000o\000j\000e\000t}{section.1}% 4
\BOOKMARK [2][-]{subsection.1.3}{\376\377\000O\000r\000g\000a\000n\000i\000s\000a\000t\000i\000o\000n\000\040\000d\000u\000\040\000r\000a\000p\000p\000o\000r\000t}{section.1}% 5
\BOOKMARK [1][-]{section.2}{\376\377\000P\000r\000o\000b\000l\000\351\000m\000a\000t\000i\000q\000u\000e\000\040\000e\000t\000\040\000s\000o\000l\000u\000t\000i\000o\000n}{}% 6
\BOOKMARK [2][-]{subsection.2.1}{\376\377\000L\000e\000\040\000c\000o\000n\000s\000t\000a\000t\000\040\000\050\000p\000r\000o\000b\000l\000\350\000m\000e\000\051}{section.2}% 7
\BOOKMARK [2][-]{subsection.2.2}{\376\377\000L\000a\000\040\000s\000o\000l\000u\000t\000i\000o\000n\000\040\000a\000p\000p\000o\000r\000t\000\351\000e}{section.2}% 8
\BOOKMARK [2][-]{subsection.2.3}{\376\377\000O\000b\000j\000e\000c\000t\000i\000f\000s\000\040\000d\000u\000\040\000p\000r\000o\000j\000e\000t}{section.2}% 9
\BOOKMARK [1][-]{section.3}{\376\377\000E\000n\000v\000i\000r\000o\000n\000n\000e\000m\000e\000n\000t\000\040\000d\000e\000\040\000s\000t\000a\000g\000e}{}% 10
\BOOKMARK [2][-]{subsection.3.1}{\376\377\000U\000n\000i\000v\000e\000r\000s\000i\000t\000\351\000\040\000T\000E\000K\000-\000U\000P\000\040\000U\000n\000i\000v\000e\000r\000s\000i\000t\000y}{section.3}% 11
\BOOKMARK [2][-]{subsection.3.2}{\376\377\000S\000o\000c\000i\000\351\000t\000\351\000\040\000G\000\351\000r\000e\000n\000c\000e\000\040\000I\000n\000f\000o\000r\000m\000a\000t\000i\000q\000u\000e}{section.3}% 12
\BOOKMARK [2][-]{subsection.3.3}{\376\377\000E\000n\000c\000a\000d\000r\000e\000m\000e\000n\000t}{section.3}% 13
\BOOKMARK [2][-]{subsection.3.4}{\376\377\000M\000\351\000t\000h\000o\000d\000o\000l\000o\000g\000i\000e\000\040\000s\000u\000i\000v\000i\000e}{section.3}% 14
\BOOKMARK [1][-]{section.4}{\376\377\000O\000u\000t\000i\000l\000s\000\040\000e\000t\000\040\000t\000e\000c\000h\000n\000o\000l\000o\000g\000i\000e\000s}{}% 15
\BOOKMARK [2][-]{subsection.4.1}{\376\377\000C\000o\000n\000t\000e\000n\000e\000u\000r\000i\000s\000a\000t\000i\000o\000n\000\040\000e\000t\000\040\000d\000\351\000p\000l\000o\000i\000e\000m\000e\000n\000t}{section.4}% 16
\BOOKMARK [2][-]{subsection.4.2}{\376\377\000D\000\351\000v\000e\000l\000o\000p\000p\000e\000m\000e\000n\000t}{section.4}% 17
\BOOKMARK [2][-]{subsection.4.3}{\376\377\000O\000r\000d\000o\000n\000n\000a\000n\000c\000e\000m\000e\000n\000t\000\040\000e\000t\000\040\000f\000i\000l\000e\000s\000\040\000d\000e\000\040\000t\000\342\000c\000h\000e\000s}{section.4}% 18
\BOOKMARK [2][-]{subsection.4.4}{\376\377\000A\000n\000a\000l\000y\000s\000e\000\040\000d\000e\000\040\000v\000u\000l\000n\000\351\000r\000a\000b\000i\000l\000i\000t\000\351\000s}{section.4}% 19
\BOOKMARK [2][-]{subsection.4.5}{\376\377\000I\000n\000t\000e\000l\000l\000i\000g\000e\000n\000c\000e\000\040\000s\000u\000r\000\040\000l\000e\000s\000\040\000m\000e\000n\000a\000c\000e\000s}{section.4}% 20
\BOOKMARK [2][-]{subsection.4.6}{\376\377\000S\000t\000o\000c\000k\000a\000g\000e\000\040\000e\000t\000\040\000v\000i\000s\000u\000a\000l\000i\000s\000a\000t\000i\000o\000n}{section.4}% 21
\BOOKMARK [2][-]{subsection.4.7}{\376\377\000G\000e\000s\000t\000i\000o\000n\000\040\000d\000e\000s\000\040\000a\000g\000e\000n\000t\000s}{section.4}% 22
\BOOKMARK [2][-]{subsection.4.8}{\376\377\000G\000e\000s\000t\000i\000o\000n\000\040\000d\000e\000s\000\040\000s\000e\000r\000v\000i\000c\000e\000s\000\040\000i\000n\000f\000o\000r\000m\000a\000t\000i\000q\000u\000e\000s}{section.4}% 23
\BOOKMARK [2][-]{subsection.4.9}{\376\377\000I\000n\000f\000r\000a\000s\000t\000r\000u\000c\000t\000u\000r\000e\000\040\000e\000t\000\040\000v\000e\000r\000s\000i\000o\000n\000n\000e\000m\000e\000n\000t}{section.4}% 24
\BOOKMARK [2][-]{subsection.4.10}{\376\377\000T\000a\000b\000l\000e\000a\000u\000\040\000r\000\351\000c\000a\000p\000i\000t\000u\000l\000a\000t\000i\000f}{section.4}% 25
\BOOKMARK [1][-]{section.5}{\376\377\000A\000r\000c\000h\000i\000t\000e\000c\000t\000u\000r\000e\000\040\000g\000\351\000n\000\351\000r\000a\000l\000e}{}% 26
\BOOKMARK [2][-]{subsection.5.1}{\376\377\000V\000u\000e\000\040\000d\000'\000e\000n\000s\000e\000m\000b\000l\000e}{section.5}% 27
\BOOKMARK [2][-]{subsection.5.2}{\376\377\000G\000e\000s\000t\000i\000o\000n\000\040\000c\000e\000n\000t\000r\000a\000l\000i\000s\000\351\000e\000\040\000d\000e\000s\000\040\000a\000g\000e\000n\000t\000s\000\040\000\050\000F\000l\000e\000e\000t\000\051}{section.5}% 28
\BOOKMARK [2][-]{subsection.5.3}{\376\377\000S\000e\000r\000v\000i\000c\000e\000s\000\040\000e\000t\000\040\000p\000o\000r\000t\000s}{section.5}% 29
\BOOKMARK [2][-]{subsection.5.4}{\376\377\000T\000o\000p\000o\000l\000o\000g\000i\000e\000\040\000r\000\351\000s\000e\000a\000u}{section.5}% 30
\BOOKMARK [2][-]{subsection.5.5}{\376\377\000S\000t\000r\000u\000c\000t\000u\000r\000e\000\040\000d\000u\000\040\000d\000\351\000p\000\364\000t}{section.5}% 31
\BOOKMARK [1][-]{section.6}{\376\377\000M\000o\000d\000\351\000l\000i\000s\000a\000t\000i\000o\000n\000\040\000U\000M\000L}{}% 32
\BOOKMARK [2][-]{subsection.6.1}{\376\377\000D\000i\000a\000g\000r\000a\000m\000m\000e\000\040\000d\000e\000\040\000c\000a\000s\000\040\000d\000'\000u\000t\000i\000l\000i\000s\000a\000t\000i\000o\000n}{section.6}% 33
\BOOKMARK [2][-]{subsection.6.2}{\376\377\000D\000i\000a\000g\000r\000a\000m\000m\000e\000\040\000d\000e\000\040\000c\000l\000a\000s\000s\000e\000s}{section.6}% 34
\BOOKMARK [2][-]{subsection.6.3}{\376\377\000D\000i\000a\000g\000r\000a\000m\000m\000e\000\040\000d\000e\000\040\000s\000\351\000q\000u\000e\000n\000c\000e}{section.6}% 35
\BOOKMARK [2][-]{subsection.6.4}{\376\377\000D\000i\000a\000g\000r\000a\000m\000m\000e\000\040\000d\000'\000\351\000t\000a\000t\000s}{section.6}% 36
\BOOKMARK [2][-]{subsection.6.5}{\376\377\000D\000i\000a\000g\000r\000a\000m\000m\000e\000\040\000d\000e\000\040\000d\000\351\000p\000l\000o\000i\000e\000m\000e\000n\000t}{section.6}% 37
\BOOKMARK [1][-]{section.7}{\376\377\000P\000i\000p\000e\000l\000i\000n\000e\000\040\000d\000e\000\040\000g\000e\000s\000t\000i\000o\000n\000\040\000d\000e\000s\000\040\000v\000u\000l\000n\000\351\000r\000a\000b\000i\000l\000i\000t\000\351\000s}{}% 38
\BOOKMARK [2][-]{subsection.7.1}{\376\377\000D\000\351\000r\000o\000u\000l\000e\000m\000e\000n\000t\000\040\000g\000\351\000n\000\351\000r\000a\000l}{section.7}% 39
\BOOKMARK [2][-]{subsection.7.2}{\376\377\000D\000e\000s\000c\000r\000i\000p\000t\000i\000o\000n\000\040\000d\000e\000s\000\040\000\351\000t\000a\000p\000e\000s}{section.7}% 40
\BOOKMARK [2][-]{subsection.7.3}{\376\377\000A\000n\000a\000l\000y\000s\000e\000\040\000d\000i\000f\000f\000\351\000r\000e\000n\000t\000i\000e\000l\000l\000e}{section.7}% 41
\BOOKMARK [2][-]{subsection.7.4}{\376\377\000S\000y\000n\000c\000h\000r\000o\000n\000i\000s\000a\000t\000i\000o\000n\000\040\000G\000L\000P\000I\000\040\000\040\000E\000L\000K}{section.7}% 42
\BOOKMARK [2][-]{subsection.7.5}{\376\377\000O\000r\000d\000o\000n\000n\000a\000n\000c\000e\000m\000e\000n\000t\000\040\000e\000t\000\040\000f\000i\000l\000e\000s}{section.7}% 43
\BOOKMARK [1][-]{section.8}{\376\377\000M\000o\000t\000e\000u\000r\000\040\000d\000e\000\040\000c\000a\000l\000c\000u\000l\000\040\000d\000u\000\040\000r\000i\000s\000q\000u\000e}{}% 44
\BOOKMARK [2][-]{subsection.8.1}{\376\377\000E\000n\000t\000r\000\351\000e\000s}{section.8}% 45
\BOOKMARK [2][-]{subsection.8.2}{\376\377\000A\000l\000g\000o\000r\000i\000t\000h\000m\000e\000\040\000d\000e\000\040\000n\000o\000t\000a\000t\000i\000o\000n}{section.8}% 46
\BOOKMARK [2][-]{subsection.8.3}{\376\377\000S\000c\000h\000\351\000m\000a\000\040\000d\000e\000\040\000d\000\351\000c\000i\000s\000i\000o\000n}{section.8}% 47
\BOOKMARK [2][-]{subsection.8.4}{\376\377\000E\000x\000e\000m\000p\000l\000e\000s\000\040\000d\000e\000\040\000c\000a\000l\000c\000u\000l}{section.8}% 48
\BOOKMARK [2][-]{subsection.8.5}{\376\377\000R\000\350\000g\000l\000e\000s\000\040\000d\000e\000\040\000c\000r\000\351\000a\000t\000i\000o\000n\000\040\000d\000e\000s\000\040\000t\000i\000c\000k\000e\000t\000s\000\040\000G\000L\000P\000I}{section.8}% 49
\BOOKMARK [1][-]{section.9}{\376\377\000M\000o\000d\000\350\000l\000e\000\040\000d\000e\000\040\000d\000o\000n\000n\000\351\000e\000s\000\040\000e\000t\000\040\000s\000t\000o\000c\000k\000a\000g\000e}{}% 50
\BOOKMARK [2][-]{subsection.9.1}{\376\377\000I\000n\000d\000i\000c\000e\000s\000\040\000E\000l\000a\000s\000t\000i\000c\000s\000e\000a\000r\000c\000h}{section.9}% 51
\BOOKMARK [2][-]{subsection.9.2}{\376\377\000V\000u\000e\000s\000\040\000d\000e\000\040\000d\000o\000n\000n\000\351\000e\000s\000\040\000K\000i\000b\000a\000n\000a}{section.9}% 52
\BOOKMARK [2][-]{subsection.9.3}{\376\377\000E\000x\000e\000m\000p\000l\000e\000\040\000d\000e\000\040\000d\000o\000c\000u\000m\000e\000n\000t\000\040\000d\000e\000\040\000v\000u\000l\000n\000\351\000r\000a\000b\000i\000l\000i\000t\000\351}{section.9}% 53
\BOOKMARK [1][-]{section.10}{\376\377\000S\000\351\000c\000u\000r\000i\000t\000\351\000\040\000d\000e\000\040\000l\000a\000\040\000p\000l\000a\000t\000e\000f\000o\000r\000m\000e}{}% 54
\BOOKMARK [2][-]{subsection.10.1}{\376\377\000C\000h\000i\000f\000f\000r\000e\000m\000e\000n\000t\000\040\000d\000e\000\040\000K\000i\000b\000a\000n\000a}{section.10}% 55
\BOOKMARK [2][-]{subsection.10.2}{\376\377\000A\000u\000t\000h\000e\000n\000t\000i\000f\000i\000c\000a\000t\000i\000o\000n}{section.10}% 56
\BOOKMARK [2][-]{subsection.10.3}{\376\377\000I\000s\000o\000l\000a\000t\000i\000o\000n\000\040\000d\000e\000s\000\040\000c\000o\000n\000t\000e\000n\000e\000u\000r\000s}{section.10}% 57
\BOOKMARK [2][-]{subsection.10.4}{\376\377\000S\000u\000p\000e\000r\000v\000i\000s\000i\000o\000n\000\040\000d\000e\000s\000\040\000a\000g\000e\000n\000t\000s}{section.10}% 58
\BOOKMARK [2][-]{subsection.10.5}{\376\377\000T\000r\000a\000n\000s\000p\000o\000r\000t\000\040\000d\000e\000s\000\040\000d\000o\000n\000n\000\351\000e\000s}{section.10}% 59
\BOOKMARK [1][-]{section.11}{\376\377\000\311\000t\000a\000t\000\040\000o\000p\000\351\000r\000a\000t\000i\000o\000n\000n\000e\000l\000\040\000d\000u\000\040\000d\000\351\000p\000l\000o\000i\000e\000m\000e\000n\000t}{}% 60
\BOOKMARK [2][-]{subsection.11.1}{\376\377\000S\000a\000n\000t\000\351\000\040\000d\000e\000\040\000l\000a\000\040\000p\000l\000a\000t\000e\000f\000o\000r\000m\000e}{section.11}% 61
\BOOKMARK [2][-]{subsection.11.2}{\376\377\000P\000r\000e\000u\000v\000e\000s\000\040\000d\000e\000\040\000l\000'\000e\000x\000t\000e\000n\000s\000i\000o\000n\000\040\000d\000u\000\040\000s\000c\000a\000n}{section.11}% 62
\BOOKMARK [2][-]{subsection.11.3}{\376\377\000R\000\351\000p\000a\000r\000t\000i\000t\000i\000o\000n\000\040\000d\000e\000s\000\040\000d\000o\000n\000n\000\351\000e\000s\000\040\000\050\000i\000n\000d\000i\000c\000e\000\040\000d\000u\000\040\0000\0008\000.\0001\0005\000\051}{section.11}% 63
\BOOKMARK [2][-]{subsection.11.4}{\376\377\000P\000o\000r\000t\000s\000\040\000l\000e\000s\000\040\000p\000l\000u\000s\000\040\000f\000r\000\351\000q\000u\000e\000n\000t\000s}{section.11}% 64
\BOOKMARK [2][-]{subsection.11.5}{\376\377\000A\000g\000e\000n\000t\000s\000\040\000F\000l\000e\000e\000t}{section.11}% 65
\BOOKMARK [1][-]{section.12}{\376\377\000D\000i\000f\000f\000i\000c\000u\000l\000t\000\351\000s\000\040\000r\000e\000n\000c\000o\000n\000t\000r\000\351\000e\000s\000\040\000e\000t\000\040\000s\000o\000l\000u\000t\000i\000o\000n\000s\000\040\000a\000p\000p\000o\000r\000t\000\351\000e\000s}{}% 66
\BOOKMARK [2][-]{subsection.12.1}{\376\377\000S\000e\000r\000v\000e\000u\000r\000\040\000F\000l\000e\000e\000t\000\040\000i\000n\000s\000t\000a\000b\000l\000e}{section.12}% 67
\BOOKMARK [2][-]{subsection.12.2}{\376\377\000E\000r\000r\000e\000u\000r\000s\000\040\000d\000e\000\040\000c\000h\000i\000f\000f\000r\000e\000m\000e\000n\000t\000\040\000d\000e\000\040\000K\000i\000b\000a\000n\000a}{section.12}% 68
\BOOKMARK [2][-]{subsection.12.3}{\376\377\000A\000g\000e\000n\000t\000\040\000e\000x\000t\000e\000r\000n\000e\000\040\000s\000a\000n\000s\000\040\000f\000l\000u\000x\000\040\000d\000e\000\040\000d\000o\000n\000n\000\351\000e\000s}{section.12}% 69
\BOOKMARK [2][-]{subsection.12.4}{\376\377\000S\000t\000a\000b\000i\000l\000i\000t\000\351\000\040\000d\000u\000\040\000w\000o\000r\000k\000e\000r}{section.12}% 70
\BOOKMARK [2][-]{subsection.12.5}{\376\377\000S\000a\000n\000t\000\351\000\040\000d\000'\000E\000l\000a\000s\000t\000i\000c\000s\000e\000a\000r\000c\000h}{section.12}% 71
\BOOKMARK [2][-]{subsection.12.6}{\376\377\000S\000c\000a\000n\000\040\000p\000a\000r\000t\000i\000e\000l}{section.12}% 72
\BOOKMARK [2][-]{subsection.12.7}{\376\377\000T\000i\000c\000k\000e\000t\000s\000\040\000d\000u\000p\000l\000i\000q\000u\000\351\000s}{section.12}% 73
\BOOKMARK [1][-]{section.13}{\376\377\000T\000e\000s\000t\000s\000\040\000e\000t\000\040\000v\000a\000l\000i\000d\000a\000t\000i\000o\000n}{}% 74
\BOOKMARK [2][-]{subsection.13.1}{\376\377\000T\000e\000s\000t\000s\000\040\000u\000n\000i\000t\000a\000i\000r\000e\000s}{section.13}% 75
\BOOKMARK [2][-]{subsection.13.2}{\376\377\000V\000a\000l\000i\000d\000a\000t\000i\000o\000n\000\040\000d\000e\000\040\000b\000o\000u\000t\000\040\000e\000n\000\040\000b\000o\000u\000t}{section.13}% 76
\BOOKMARK [1][-]{section.14}{\376\377\000C\000o\000n\000c\000l\000u\000s\000i\000o\000n\000\040\000g\000\351\000n\000\351\000r\000a\000l\000e}{}% 77
\BOOKMARK [1][-]{appendix.A}{\376\377\000A\000n\000n\000e\000x\000e\000\040\000A\000\040\000:\000\040\000v\000a\000r\000i\000a\000b\000l\000e\000s\000\040\000d\000'\000e\000n\000v\000i\000r\000o\000n\000n\000e\000m\000e\000n\000t\000\040\000p\000r\000i\000n\000c\000i\000p\000a\000l\000e\000s}{}% 78
\BOOKMARK [1][-]{appendix.B}{\376\377\000A\000n\000n\000e\000x\000e\000\040\000B\000\040\000:\000\040\000o\000p\000\351\000r\000a\000t\000i\000o\000n\000s\000\040\000c\000o\000u\000r\000a\000n\000t\000e\000s}{}% 79
\BOOKMARK [1][-]{appendix.C}{\376\377\000A\000n\000n\000e\000x\000e\000\040\000C\000\040\000:\000\040\000t\000e\000s\000t\000s}{}% 80
\BOOKMARK [1][-]{appendix.D}{\376\377\000A\000n\000n\000e\000x\000e\000\040\000D\000\040\000:\000\040\000g\000l\000o\000s\000s\000a\000i\000r\000e}{}% 81
